Microchip MPLAB XC8 Compiler V1.20 ()

Linker command line:

--edf=C:\Program Files (x86)\Microchip\xc8\v1.20\dat\en_msgs.txt -cs \
  -h+dist/default/production\TCC_mainboard.X.production.sym \
  --cmf=dist/default/production\TCC_mainboard.X.production.cmf -z -Q16F877A \
  -oC:\Users\guilh\AppData\Local\Temp\s8ik.6 \
  -Mdist/default/production/TCC_mainboard.X.production.map -E1 -ver=XC8 \
  -ACONST=00h-0FFhx32 -ACODE=00h-07FFhx4 -ASTRCODE=00h-01FFFh \
  -AENTRY=00h-0FFhx32 -ASTRING=00h-0FFhx32 -ACOMMON=070h-07Fh \
  -ABANK0=020h-06Fh -ABANK1=0A0h-0EFh -ABANK2=0110h-016Fh \
  -ABANK3=0190h-01EFh -ARAM=020h-06Fh,0A0h-0EFh,0110h-016Fh,0190h-01EFh \
  -AABS1=020h-07Fh,0A0h-0EFh,0110h-016Fh,0190h-01EFh -ASFR0=00h-01Fh \
  -ASFR1=080h-09Fh -ASFR2=0100h-010Fh -ASFR3=0180h-018Fh \
  -preset_vec=00h,intentry=04h,init,end_init -ppowerup=CODE -pfunctab=CODE \
  -ACONFIG=02007h-02007h -pconfig=CONFIG -DCONFIG=2 -AIDLOC=02000h-02003h \
  -pidloc=IDLOC -DIDLOC=2 -AEEDATA=00h-0FFh/02100h -peeprom_data=EEDATA \
  -DEEDATA=2 -DCODE=2 -DSTRCODE=2 -DSTRING=2 -DCONST=2 -DENTRY=2 -k \
  C:\Users\guilh\AppData\Local\Temp\s8ik.obj \
  dist/default/production\TCC_mainboard.X.production.obj 

Object code version is 3.11

Machine type is 16F877A



                Name                               Link     Load   Length Selector   Space Scale
C:\Users\guilh\AppData\Local\Temp\s8ik.obj
                end_init                             12       12        3        8       0
                reset_vec                             0        0        3        0       0
                config                             2007     2007        1     400E       0
dist/default/production\TCC_mainboard.X.production.obj
                intentry                              4        4        E        8       0
                text8                               1AF      1AF        A        8       0
                text7                               133      133       2A        8       0
                text6                               1A4      1A4        B        8       0
                text5                               15D      15D       28        8       0
                text4                                56       56       3F        8       0
                text3                                15       15       41        8       0
                text2                               103      103       30        8       0
                text1                                D0       D0       33        8       0
                maintext                             95       95       3B        8       0
                cstackBANK0                          57       57        5       20       1
                cstackCOMMON                         70       70        C       70       1
                clrtext                             1B9      1B9        8        8       0
                dataBANK0                            5C       5C        3       20       1
                bssBANK0                             20       20       2C       20       1
                bssCOMMON                            7C       7C        2       70       1
                cinit                               185      185       1F        8       0
                nvBANK0                              4C       4C        B       20       1
                idataBANK0                          1C1      1C1        3        8       0

TOTAL           Name                               Link     Load   Length     Space
        CLASS   CONST          

        CLASS   CODE           
                end_init                             12       12        3         0
                intentry                              4        4        E         0
                reset_vec                             0        0        3         0
                text8                               1AF      1AF        A         0
                text7                               133      133       2A         0
                text6                               1A4      1A4        B         0
                text5                               15D      15D       28         0
                text4                                56       56       3F         0
                text3                                15       15       41         0
                text2                               103      103       30         0
                text1                                D0       D0       33         0
                maintext                             95       95       3B         0
                clrtext                             1B9      1B9        8         0
                cinit                               185      185       1F         0
                idataBANK0                          1C1      1C1        3         0

        CLASS   STRCODE        

        CLASS   ENTRY          

        CLASS   STRING         

        CLASS   COMMON         
                cstackCOMMON                         70       70        C         1
                bssCOMMON                            7C       7C        2         1

        CLASS   BANK0          
                cstackBANK0                          57       57        5         1
                dataBANK0                            5C       5C        3         1
                bssBANK0                             20       20       2C         1
                nvBANK0                              4C       4C        B         1

        CLASS   BANK1          

        CLASS   BANK2          

        CLASS   BANK3          

        CLASS   RAM            

        CLASS   ABS1           
                abs_s1                               7E       7E        2         1

        CLASS   SFR0           

        CLASS   SFR1           

        CLASS   SFR2           

        CLASS   SFR3           

        CLASS   CONFIG         
                config                             2007     2007        1         0

        CLASS   IDLOC          

        CLASS   EEDATA         



SEGMENTS        Name                           Load    Length   Top    Selector   Space  Class     Delta

                reset_vec                      000000  000003  000003         0       0  CODE        2
                intentry                       000004  0001C0  0001C4         8       0  CODE        2
                bssBANK0                       000020  00003F  00005F        20       1  BANK0       1
                cstackCOMMON                   000070  00000E  00007E        70       1  COMMON      1
                config                         002007  000001  002008      400E       0  CONFIG      2


UNUSED ADDRESS RANGES

        Name                Unused          Largest block    Delta
        BANK0            005F-006F             11           1
        BANK1            00A0-00EF             50           1
        BANK2            0110-016F             60           1
        BANK3            0190-01EF             60           1
        CODE             0003-0003              1           2
                         01C4-1FFF            800
        CONST            0003-0003              1           2
                         01C4-1FFF            100
        EEDATA           2100-21FF            100           2
        ENTRY            0003-0003              1           2
                         01C4-1FFF            100
        IDLOC            2000-2003              4           2
        RAM              005F-006F             11           1
                         00A0-00EF             50
                         0110-016F             60
                         0190-01EF             60
        SFR0             0000-001F             20           1
        SFR1             0080-009F             20           1
        SFR2             0100-010F             10           1
        SFR3             0180-018F             10           1
        STRCODE          0003-0003              1           2
                         01C4-1FFF           1E3C
        STRING           0003-0003              1           2
                         01C4-1FFF            100

                                  Symbol Table

?_Serial_9600_Init         cstackBANK0  0057
?_inserir                  cstackCOMMON 0070
Serial_9600_Init@osc_freq  cstackBANK0  0057
_BufferRead                bssBANK0     0026
_BufferWrite               bssBANK0     0039
_INTCON                    (abs)        000B
_INTCONbits                (abs)        000B
_Interrupcao               text3        0015
_ModuloCM                  nvBANK0      004E
_OPTION_REG                (abs)        0081
_PIE1bits                  (abs)        008C
_PIR1bits                  (abs)        000C
_PORTB                     (abs)        0006
_PORTBbits                 (abs)        0006
_PORTD                     (abs)        0008
_PORTDbits                 (abs)        0008
_RCREG                     (abs)        001A
_RCSTA                     (abs)        0018
_RTC                       bssBANK0     0020
_SPBRG                     (abs)        0099
_SSPADD                    (abs)        0093
_SSPCON                    (abs)        0014
_SSPCON2                   (abs)        0091
_SSPCON2bits               (abs)        0091
_SSPSTAT                   (abs)        0094
_Serial_9600_Init          text2        0103
_Serial_Interrupt          text4        0056
_Setup                     text1        00D0
_TMR0                      (abs)        0001
_TRISB                     (abs)        0086
_TRISC3                    (abs)        043B
_TRISC4                    (abs)        043C
_TRISD                     (abs)        0088
_TXREG                     (abs)        0019
_TXSTA                     (abs)        0098
_TXSTAbits                 (abs)        0098
_Temporizador1             bssBANK0     0022
_TemporizadorSerialR       bssCOMMON    007C
_TemporizadorSerialW       nvBANK0      004C
_Tensao                    dataBANK0    005C
__CFG_BOREN$ON             (abs)        0000
__CFG_CP$OFF               (abs)        0000
__CFG_CPD$OFF              (abs)        0000
__CFG_FOSC$HS              (abs)        0000
__CFG_LVP$OFF              (abs)        0000
__CFG_PWRTE$OFF            (abs)        0000
__CFG_WDTE$OFF             (abs)        0000
__CFG_WRT$OFF              (abs)        0000
__Habs1                    abs1         0000
__Hbank0                   bank0        0000
__Hbank1                   bank1        0000
__Hbank2                   bank2        0000
__Hbank3                   bank3        0000
__HbssBANK0                bssBANK0     0000
__HbssCOMMON               bssCOMMON    0000
__Hcinit                   cinit        0000
__Hclrtext                 clrtext      0000
__Hcode                    code         0000
__Hcommon                  common       0000
__Hconfig                  config       2008
__HcstackBANK0             cstackBANK0  0000
__HcstackCOMMON            cstackCOMMON 0000
__HdataBANK0               dataBANK0    0000
__Heeprom_data             eeprom_data  0000
__Hend_init                end_init     0015
__Hfunctab                 functab      0000
__HidataBANK0              idataBANK0   0000
__Hidloc                   idloc        0000
__Hinit                    init         0012
__Hintentry                intentry     0012
__Hmaintext                maintext     0000
__HnvBANK0                 nvBANK0      0000
__Hpowerup                 powerup      0000
__Hram                     ram          0000
__Hreset_vec               reset_vec    0003
__Hsfr0                    sfr0         0000
__Hsfr1                    sfr1         0000
__Hsfr2                    sfr2         0000
__Hsfr3                    sfr3         0000
__Hstrings                 strings      0000
__Htext                    text         0000
__Labs1                    abs1         0000
__Lbank0                   bank0        0000
__Lbank1                   bank1        0000
__Lbank2                   bank2        0000
__Lbank3                   bank3        0000
__LbssBANK0                bssBANK0     0000
__LbssCOMMON               bssCOMMON    0000
__Lcinit                   cinit        0000
__Lclrtext                 clrtext      0000
__Lcode                    code         0000
__Lcommon                  common       0000
__Lconfig                  config       2007
__LcstackBANK0             cstackBANK0  0000
__LcstackCOMMON            cstackCOMMON 0000
__LdataBANK0               dataBANK0    0000
__Leeprom_data             eeprom_data  0000
__Lend_init                end_init     0012
__Lfunctab                 functab      0000
__LidataBANK0              idataBANK0   0000
__Lidloc                   idloc        0000
__Linit                    init         0012
__Lintentry                intentry     0004
__Lmaintext                maintext     0000
__LnvBANK0                 nvBANK0      0000
__Lpowerup                 powerup      0000
__Lram                     ram          0000
__Lreset_vec               reset_vec    0000
__Lsfr0                    sfr0         0000
__Lsfr1                    sfr1         0000
__Lsfr2                    sfr2         0000
__Lsfr3                    sfr3         0000
__Lstrings                 strings      0000
__Ltext                    text         0000
__S0                       (abs)        2008
__S1                       (abs)        007E
__S3                       (abs)        0000
___latbits                 (abs)        0002
__end_of_Interrupcao       text3        0056
__end_of_Serial_9600_Init  text2        0133
__end_of_Serial_Interrupt  text4        0095
__end_of_Setup             text1        0103
__end_of__initialization   cinit        01A0
__end_of_estaCheia         text6        01AF
__end_of_estaVazia         text8        01B9
__end_of_inserir           text5        0185
__end_of_main              maintext     00D0
__end_of_remover           text7        015D
__initialization           cinit        0185
__pbssBANK0                bssBANK0     0020
__pbssCOMMON               bssCOMMON    007C
__pcstackBANK0             cstackBANK0  0057
__pcstackCOMMON            cstackCOMMON 0070
__pdataBANK0               dataBANK0    005C
__pidataBANK0              idataBANK0   01C1
__pintentry                intentry     0004
__pmaintext                maintext     0095
__pnvBANK0                 nvBANK0      004C
__ptext1                   text1        00D0
__ptext2                   text2        0103
__ptext3                   text3        0015
__ptext4                   text4        0056
__ptext5                   text5        015D
__ptext6                   text6        01A4
__ptext7                   text7        0133
__ptext8                   text8        01AF
__size_of_Interrupcao      (abs)        0000
__size_of_Serial_9600_Init (abs)        0000
__size_of_Serial_Interrupt (abs)        0000
__size_of_Setup            (abs)        0000
__size_of_estaCheia        (abs)        0000
__size_of_estaVazia        (abs)        0000
__size_of_inserir          (abs)        0000
__size_of_main             (abs)        0000
__size_of_remover          (abs)        0000
_estaCheia                 text6        01A4
_estaVazia                 text8        01AF
_inserir                   text5        015D
_main                      maintext     0095
_remover                   text7        0133
_temporizador              bssBANK0     0024
btemp                      (abs)        007E
clear_ram0                 clrtext      01B9
end_of_initialization      cinit        01A0
estaCheia@buf              cstackCOMMON 0070
estaVazia@buf              cstackCOMMON 0070
inserir@Valor              cstackCOMMON 0070
inserir@buf                cstackCOMMON 0073
interrupt_function         intentry     0004
intlevel0                  functab      0000
intlevel1                  functab      0000
intlevel2                  functab      0000
intlevel3                  functab      0000
intlevel4                  functab      0000
intlevel5                  functab      0000
main@estado                cstackBANK0  005B
remover@buf                cstackCOMMON 0075
remover@temp               cstackCOMMON 0073
reset_vec                  reset_vec    0000
saved_w                    (abs)        007E
start                      init         0012
start_initialization       cinit        0185
wtemp0                     (abs)        007E


FUNCTION INFORMATION:

 *************** function _main *****************
 Defined at:
		line 149 in file "TCC_Main.c"
 Parameters:    Size  Location     Type
		None
 Auto vars:     Size  Location     Type
  estado          1    4[BANK0 ] unsigned char 
 Return value:  Size  Location     Type
                  2  162[COMMON] int 
 Registers used:
		wreg, fsr0l, fsr0h, status,2, status,0, pclath, cstack
 Tracked objects:
		On entry : 
		On exit  : 
		Unchanged: 
 Data sizes:     COMMON   BANK0   BANK1   BANK3   BANK2
      Params:         0       0       0       0       0
      Locals:         0       1       0       0       0
      Temps:          0       1       0       0       0
      Totals:         0       2       0       0       0
Total ram usage:        2 bytes
 Hardware stack levels required when called:    5
 This function calls:
		_Setup
 This function is called by:
		Startup code after reset
 This function uses a non-reentrant model


 *************** function _Setup *****************
 Defined at:
		line 125 in file "TCC_Main.c"
 Parameters:    Size  Location     Type
		None
 Auto vars:     Size  Location     Type
		None
 Return value:  Size  Location     Type
		None               void
 Registers used:
		wreg, fsr0l, fsr0h, status,2, status,0, pclath, cstack
 Tracked objects:
		On entry : 
		On exit  : 
		Unchanged: 
 Data sizes:     COMMON   BANK0   BANK1   BANK3   BANK2
      Params:         0       0       0       0       0
      Locals:         0       0       0       0       0
      Temps:          0       1       0       0       0
      Totals:         0       1       0       0       0
Total ram usage:        1 bytes
 Hardware stack levels used:    1
 Hardware stack levels required when called:    4
 This function calls:
		_Serial_9600_Init
 This function is called by:
		_main
 This function uses a non-reentrant model


 *************** function _Serial_9600_Init *****************
 Defined at:
		line 7 in file "Serial.c"
 Parameters:    Size  Location     Type
  osc_freq        2    0[BANK0 ] int 
 Auto vars:     Size  Location     Type
		None
 Return value:  Size  Location     Type
		None               void
 Registers used:
		wreg, fsr0l, fsr0h, status,2, status,0
 Tracked objects:
		On entry : 
		On exit  : 
		Unchanged: 
 Data sizes:     COMMON   BANK0   BANK1   BANK3   BANK2
      Params:         0       2       0       0       0
      Locals:         0       0       0       0       0
      Temps:          0       0       0       0       0
      Totals:         0       2       0       0       0
Total ram usage:        2 bytes
 Hardware stack levels used:    1
 Hardware stack levels required when called:    3
 This function calls:
		Nothing
 This function is called by:
		_Setup
 This function uses a non-reentrant model


 *************** function _Interrupcao *****************
 Defined at:
		line 51 in file "TCC_Main.c"
 Parameters:    Size  Location     Type
		None
 Auto vars:     Size  Location     Type
		None
 Return value:  Size  Location     Type
		None               void
 Registers used:
		wreg, fsr0l, fsr0h, status,2, status,0, pclath, cstack
 Tracked objects:
		On entry : 
		On exit  : 
		Unchanged: 
 Data sizes:     COMMON   BANK0   BANK1   BANK3   BANK2
      Params:         0       0       0       0       0
      Locals:         0       0       0       0       0
      Temps:          5       0       0       0       0
      Totals:         5       0       0       0       0
Total ram usage:        5 bytes
 Hardware stack levels used:    1
 Hardware stack levels required when called:    2
 This function calls:
		_Serial_Interrupt
 This function is called by:
		Interrupt level 1
 This function uses a non-reentrant model


 *************** function _Serial_Interrupt *****************
 Defined at:
		line 36 in file "Serial.c"
 Parameters:    Size  Location     Type
		None
 Auto vars:     Size  Location     Type
		None
 Return value:  Size  Location     Type
		None               void
 Registers used:
		wreg, fsr0l, fsr0h, status,2, status,0, pclath, cstack
 Tracked objects:
		On entry : 
		On exit  : 
		Unchanged: 
 Data sizes:     COMMON   BANK0   BANK1   BANK3   BANK2
      Params:         0       0       0       0       0
      Locals:         0       0       0       0       0
      Temps:          1       0       0       0       0
      Totals:         1       0       0       0       0
Total ram usage:        1 bytes
 Hardware stack levels used:    1
 Hardware stack levels required when called:    1
 This function calls:
		_estaVazia
		_remover
		_estaCheia
		_inserir
 This function is called by:
		_Interrupcao
 This function uses a non-reentrant model


 *************** function _inserir *****************
 Defined at:
		line 82 in file "Serial.c"
 Parameters:    Size  Location     Type
  buf             1    wreg     PTR struct fila
		 -> BufferRead(19), BufferWrite(19), 
  Valor           1    0[COMMON] unsigned char 
 Auto vars:     Size  Location     Type
  buf             1    3[COMMON] PTR struct fila
		 -> BufferRead(19), BufferWrite(19), 
 Return value:  Size  Location     Type
		None               void
 Registers used:
		wreg, fsr0l, fsr0h, status,2, status,0
 Tracked objects:
		On entry : 
		On exit  : 
		Unchanged: 
 Data sizes:     COMMON   BANK0   BANK1   BANK3   BANK2
      Params:         1       0       0       0       0
      Locals:         1       0       0       0       0
      Temps:          2       0       0       0       0
      Totals:         4       0       0       0       0
Total ram usage:        4 bytes
 Hardware stack levels used:    1
 This function calls:
		Nothing
 This function is called by:
		_Serial_Interrupt
		_Serial_Write
 This function uses a non-reentrant model


 *************** function _estaCheia *****************
 Defined at:
		line 108 in file "Serial.c"
 Parameters:    Size  Location     Type
  buf             1    wreg     PTR struct fila
		 -> BufferRead(19), BufferWrite(19), 
 Auto vars:     Size  Location     Type
  buf             1    0[COMMON] PTR struct fila
		 -> BufferRead(19), BufferWrite(19), 
 Return value:  Size  Location     Type
                  1    wreg      unsigned char 
 Registers used:
		wreg, fsr0l, fsr0h
 Tracked objects:
		On entry : 
		On exit  : 
		Unchanged: 
 Data sizes:     COMMON   BANK0   BANK1   BANK3   BANK2
      Params:         0       0       0       0       0
      Locals:         1       0       0       0       0
      Temps:          0       0       0       0       0
      Totals:         1       0       0       0       0
Total ram usage:        1 bytes
 Hardware stack levels used:    1
 This function calls:
		Nothing
 This function is called by:
		_Serial_Interrupt
		_Serial_Write
 This function uses a non-reentrant model


 *************** function _remover *****************
 Defined at:
		line 92 in file "Serial.c"
 Parameters:    Size  Location     Type
  buf             1    wreg     PTR struct fila
		 -> BufferRead(19), BufferWrite(19), 
 Auto vars:     Size  Location     Type
  buf             1    5[COMMON] PTR struct fila
		 -> BufferRead(19), BufferWrite(19), 
  temp            2    3[COMMON] int 
 Return value:  Size  Location     Type
                  1    wreg      unsigned char 
 Registers used:
		wreg, fsr0l, fsr0h, status,2, status,0
 Tracked objects:
		On entry : 
		On exit  : 
		Unchanged: 
 Data sizes:     COMMON   BANK0   BANK1   BANK3   BANK2
      Params:         0       0       0       0       0
      Locals:         3       0       0       0       0
      Temps:          3       0       0       0       0
      Totals:         6       0       0       0       0
Total ram usage:        6 bytes
 Hardware stack levels used:    1
 This function calls:
		Nothing
 This function is called by:
		_Serial_Interrupt
		_Serial_Read
 This function uses a non-reentrant model


 *************** function _estaVazia *****************
 Defined at:
		line 103 in file "Serial.c"
 Parameters:    Size  Location     Type
  buf             1    wreg     PTR struct fila
		 -> BufferRead(19), BufferWrite(19), 
 Auto vars:     Size  Location     Type
  buf             1    0[COMMON] PTR struct fila
		 -> BufferRead(19), BufferWrite(19), 
 Return value:  Size  Location     Type
                  1    wreg      unsigned char 
 Registers used:
		wreg, fsr0l, fsr0h
 Tracked objects:
		On entry : 
		On exit  : 
		Unchanged: 
 Data sizes:     COMMON   BANK0   BANK1   BANK3   BANK2
      Params:         0       0       0       0       0
      Locals:         1       0       0       0       0
      Temps:          0       0       0       0       0
      Totals:         1       0       0       0       0
Total ram usage:        1 bytes
 Hardware stack levels used:    1
 This function calls:
		Nothing
 This function is called by:
		_Serial_Interrupt
		_Serial_Read
		_Serial_Available
 This function uses a non-reentrant model



MODULE INFORMATION

Module		Function		Class		Link	Load	Size
Serial.c
		_estaVazia     		CODE           	01AF	0000	10
		_remover       		CODE           	0133	0000	42
		_inserir       		CODE           	015D	0000	40
		_Serial_9600_In		CODE           	0103	0000	48
		_Serial_Interru		CODE           	0056	0000	63
		_estaCheia     		CODE           	01A4	0000	11

Serial.c estimated size: 214

shared
		__initializatio		CODE           	0185	0000	27

shared estimated size: 27

TCC_Main.c
		_Interrupcao   		CODE           	0015	0000	65
		_main          		CODE           	0095	0000	59
		_Setup         		CODE           	00D0	0000	51

TCC_Main.c estimated size: 175

