Microchip MPLAB XC8 Compiler V1.20 ()

Linker command line:

--edf=C:\Program Files (x86)\Microchip\xc8\v1.20\dat\en_msgs.txt -cs \
  -h+dist/default/production\TCC_mainboard.X.production.sym \
  --cmf=dist/default/production\TCC_mainboard.X.production.cmf -z -Q16F877A \
  -oC:\Users\guilh\AppData\Local\Temp\s4t8.6 \
  -Mdist/default/production/TCC_mainboard.X.production.map -E1 -ver=XC8 \
  -ACONST=00h-0FFhx32 -ACODE=00h-07FFhx4 -ASTRCODE=00h-01FFFh \
  -AENTRY=00h-0FFhx32 -ASTRING=00h-0FFhx32 -ACOMMON=070h-07Fh \
  -ABANK0=020h-06Fh -ABANK1=0A0h-0EFh -ABANK2=0110h-016Fh \
  -ABANK3=0190h-01EFh -ARAM=020h-06Fh,0A0h-0EFh,0110h-016Fh,0190h-01EFh \
  -AABS1=020h-07Fh,0A0h-0EFh,0110h-016Fh,0190h-01EFh -ASFR0=00h-01Fh \
  -ASFR1=080h-09Fh -ASFR2=0100h-010Fh -ASFR3=0180h-018Fh \
  -preset_vec=00h,intentry=04h,init,end_init -ppowerup=CODE -pfunctab=CODE \
  -ACONFIG=02007h-02007h -pconfig=CONFIG -DCONFIG=2 -AIDLOC=02000h-02003h \
  -pidloc=IDLOC -DIDLOC=2 -AEEDATA=00h-0FFh/02100h -peeprom_data=EEDATA \
  -DEEDATA=2 -DCODE=2 -DSTRCODE=2 -DSTRING=2 -DCONST=2 -DENTRY=2 -k \
  C:\Users\guilh\AppData\Local\Temp\s4t8.obj \
  dist/default/production\TCC_mainboard.X.production.obj 

Object code version is 3.11

Machine type is 16F877A



                Name                               Link     Load   Length Selector   Space Scale
C:\Users\guilh\AppData\Local\Temp\s4t8.obj
                end_init                             12       12        3        8       0
                reset_vec                             0        0        3        0       0
                config                             2007     2007        1     400E       0
dist/default/production\TCC_mainboard.X.production.obj
                intentry                              4        4        E        8       0
                text37                              DC7      DC7       5A     1B8E       0
                text36                              E21      E21       5C     1C42       0
                text35                              AA6      AA6       11     154C       0
                text34                              AB7      AB7       12     156E       0
                text33                              CD4      CD4       4D     19A8       0
                text32                              A97      A97        F     152E       0
                text31                              C8A      C8A       4A     1914       0
                text30                              B51      B51       1D     16A2       0
                text29                              ADC      ADC       14     15B8       0
                text28                              E7D      E7D       5C     1CFA       0
                text27                              B6E      B6E       1D     16DC       0
                text26                              6C6      6C6       8F        8       0
                text25                              AC9      AC9       13     1592       0
                text24                              ED9      ED9       5E     1DB2       0
                text23                              B1B      B1B       1A     1636       0
                text22                              A7B      A7B        E     14F6       0
                text21                              755      755       71        8       0
                text20                              D70      D70       57     1AE0       0
                text19                              A89      A89        E     1512       0
                text18                              AF0      AF0       15     15E0       0
                text17                              A77      A77        4     14EE       0
                text16                              F37      F37       5F     1E6E       0
                text15                              F96      F96       6A     1F2C       0
                text14                              3E3      3E3       D3        8       0
                text13                              2DA      2DA      109        8       0
                text12                              B35      B35       1C     166A       0
                text11                              1B7      1B7      123        8       0
                text10                              637      637       8F        8       0
                text9                               C48      C48       42     1890       0
                text8                               D21      D21       4F     1A42       0
                text7                               57F      57F       B8        8       0
                text6                               4B6      4B6       C9        8       0
                text5                               C07      C07       41     180E       0
                text4                                15       15      1A2        8       0
                text3                               7C6      7C6       32        8       0
                text2                               BAA      BAA       20     1754       0
                text1                               BCA      BCA       3D     1794       0
                maintext                            B8B      B8B       1F     1716       0
                cstackBANK0                          20       20       4A       20       1
                cstackCOMMON                         70       70        C       70       1
                cstackBANK1                          CC       CC       14       A0       1
                clrtext                             7F8      7F8        8        8       0
                bssBANK3                            190      190       13      190       1
                bssBANK1                             A0       A0       2C       A0       1
                bssBANK0                             6A       6A        1       20       1
                bssCOMMON                            7C       7C        1       70       1
                cinit                               B05      B05       16     160A       0
                nvBANK1                              E0       E0        B       A0       1

TOTAL           Name                               Link     Load   Length     Space
        CLASS   CONST          

        CLASS   CODE           
                end_init                             12       12        3         0
                intentry                              4        4        E         0
                reset_vec                             0        0        3         0
                text37                              DC7      DC7       5A         0
                text36                              E21      E21       5C         0
                text35                              AA6      AA6       11         0
                text34                              AB7      AB7       12         0
                text33                              CD4      CD4       4D         0
                text32                              A97      A97        F         0
                text31                              C8A      C8A       4A         0
                text30                              B51      B51       1D         0
                text29                              ADC      ADC       14         0
                text28                              E7D      E7D       5C         0
                text27                              B6E      B6E       1D         0
                text26                              6C6      6C6       8F         0
                text25                              AC9      AC9       13         0
                text24                              ED9      ED9       5E         0
                text23                              B1B      B1B       1A         0
                text22                              A7B      A7B        E         0
                text21                              755      755       71         0
                text20                              D70      D70       57         0
                text19                              A89      A89        E         0
                text18                              AF0      AF0       15         0
                text17                              A77      A77        4         0
                text16                              F37      F37       5F         0
                text15                              F96      F96       6A         0
                text14                              3E3      3E3       D3         0
                text13                              2DA      2DA      109         0
                text12                              B35      B35       1C         0
                text11                              1B7      1B7      123         0
                text10                              637      637       8F         0
                text9                               C48      C48       42         0
                text8                               D21      D21       4F         0
                text7                               57F      57F       B8         0
                text6                               4B6      4B6       C9         0
                text5                               C07      C07       41         0
                text4                                15       15      1A2         0
                text3                               7C6      7C6       32         0
                text2                               BAA      BAA       20         0
                text1                               BCA      BCA       3D         0
                maintext                            B8B      B8B       1F         0
                clrtext                             7F8      7F8        8         0
                cinit                               B05      B05       16         0

        CLASS   STRCODE        

        CLASS   ENTRY          

        CLASS   STRING         

        CLASS   COMMON         
                cstackCOMMON                         70       70        C         1
                bssCOMMON                            7C       7C        1         1

        CLASS   BANK0          
                cstackBANK0                          20       20       4A         1
                bssBANK0                             6A       6A        1         1

        CLASS   BANK1          
                cstackBANK1                          CC       CC       14         1
                bssBANK1                             A0       A0       2C         1
                nvBANK1                              E0       E0        B         1

        CLASS   BANK2          

        CLASS   BANK3          
                bssBANK3                            190      190       13         1

        CLASS   RAM            

        CLASS   ABS1           
                abs_s1                               7E       7E        2         1

        CLASS   SFR0           

        CLASS   SFR1           

        CLASS   SFR2           

        CLASS   SFR3           

        CLASS   CONFIG         
                config                             2007     2007        1         0

        CLASS   IDLOC          

        CLASS   EEDATA         



SEGMENTS        Name                           Load    Length   Top    Selector   Space  Class     Delta

                reset_vec                      000000  000003  000003         0       0  CODE        2
                intentry                       000004  0007FC  000800         8       0  CODE        2
                cstackBANK0                    000020  00004B  00006B        20       1  BANK0       1
                cstackCOMMON                   000070  00000D  00007D        70       1  COMMON      1
                bssBANK1                       0000A0  00004B  0000EB        A0       1  BANK1       1
                bssBANK3                       000190  000013  0001A3       190       1  BANK3       1
                text17                         000A77  000004  000A7B      14EE       0  CODE        2
                text22                         000A7B  00000E  000A89      14F6       0  CODE        2
                text19                         000A89  00000E  000A97      1512       0  CODE        2
                text32                         000A97  00000F  000AA6      152E       0  CODE        2
                text35                         000AA6  000011  000AB7      154C       0  CODE        2
                text34                         000AB7  000012  000AC9      156E       0  CODE        2
                text25                         000AC9  000013  000ADC      1592       0  CODE        2
                text29                         000ADC  000014  000AF0      15B8       0  CODE        2
                text18                         000AF0  000015  000B05      15E0       0  CODE        2
                cinit                          000B05  000016  000B1B      160A       0  CODE        2
                text23                         000B1B  00001A  000B35      1636       0  CODE        2
                text12                         000B35  00001C  000B51      166A       0  CODE        2
                text30                         000B51  00001D  000B6E      16A2       0  CODE        2
                text27                         000B6E  00001D  000B8B      16DC       0  CODE        2
                maintext                       000B8B  00001F  000BAA      1716       0  CODE        2
                text2                          000BAA  000020  000BCA      1754       0  CODE        2
                text1                          000BCA  00003D  000C07      1794       0  CODE        2
                text5                          000C07  000041  000C48      180E       0  CODE        2
                text9                          000C48  000042  000C8A      1890       0  CODE        2
                text31                         000C8A  00004A  000CD4      1914       0  CODE        2
                text33                         000CD4  00004D  000D21      19A8       0  CODE        2
                text8                          000D21  00004F  000D70      1A42       0  CODE        2
                text20                         000D70  000057  000DC7      1AE0       0  CODE        2
                text37                         000DC7  00005A  000E21      1B8E       0  CODE        2
                text36                         000E21  00005C  000E7D      1C42       0  CODE        2
                text28                         000E7D  00005C  000ED9      1CFA       0  CODE        2
                text24                         000ED9  00005E  000F37      1DB2       0  CODE        2
                text16                         000F37  00005F  000F96      1E6E       0  CODE        2
                text15                         000F96  00006A  001000      1F2C       0  CODE        2
                config                         002007  000001  002008      400E       0  CONFIG      2


UNUSED ADDRESS RANGES

        Name                Unused          Largest block    Delta
        BANK0            006B-006F              5           1
        BANK1            00EB-00EF              5           1
        BANK2            0110-016F             60           1
        BANK3            01A3-01EF             4D           1
        CODE             0003-0003              1           2
                         0800-0A76            277
                         1000-1FFF            800
        COMMON           007D-007D              1           1
        CONST            0003-0003              1           2
                         0800-0A76            100
                         1000-1FFF            100
        EEDATA           2100-21FF            100           2
        ENTRY            0003-0003              1           2
                         0800-0A76            100
                         1000-1FFF            100
        IDLOC            2000-2003              4           2
        RAM              006B-006F              5           1
                         00EB-00EF              5
                         0110-016F             60
                         01A3-01EF             4D
        SFR0             0000-001F             20           1
        SFR1             0080-009F             20           1
        SFR2             0100-010F             10           1
        SFR3             0180-018F             10           1
        STRCODE          0003-0003              1           2
                         0800-0A76            277
                         1000-1FFF           1000
        STRING           0003-0003              1           2
                         0800-0A76            100
                         1000-1FFF            100

                                  Symbol Table

?_ADC_Init                    cstackBANK0  0025
?_ADC_Read                    cstackBANK0  0025
?___aldiv                     cstackBANK0  0025
?___altoft                    cstackBANK0  0034
?___awmod                     cstackBANK0  0025
?___ftadd                     cstackBANK0  002D
?___ftdiv                     cstackBANK0  0056
?___ftge                      cstackBANK0  0025
?___ftmul                     cstackBANK0  002D
?___ftpack                    cstackBANK0  0025
?___ftsub                     cstackBANK0  003A
?___fttol                     cstackBANK0  0066
?___lmul                      cstackBANK0  0025
?_estaCheia                   cstackBANK0  0025
?_estaVazia                   cstackBANK0  0025
?_inserir                     cstackBANK0  0025
?_remover                     cstackBANK0  0025
?_sqrt                        cstackBANK0  0040
?i1_estaCheia                 cstackCOMMON 0070
?i1_estaVazia                 cstackCOMMON 0070
?i1_inserir                   cstackCOMMON 0070
?i1_remover                   cstackCOMMON 0070
ADC_Init@config               cstackBANK0  0025
ADC_Init@trisa                cstackBANK0  0027
ADC_Run@Estado                bssBANK1     00B3
ADC_Select_Channel@ch         cstackBANK0  0027
ControleLed@Estado            bssBANK1     00B4
SensoresAnalogicos@index      bssBANK1     00B5
SensoresAnalogicos@n          bssBANK1     00A7
SensoresAnalogicos@somatorio  bssBANK1     00A0
SensoresAnalogicos@valorAtual cstackBANK1  00DA
SensoresAnalogicos@valorAux   cstackBANK1  00DC
Serial_9600_Init@osc_freq     cstackBANK0  0025
Serial_Interrupt@tmp          cstackCOMMON 007B
Serial_Write@Valor            cstackBANK0  002E
TrataComandoESP@Estado        bssBANK1     00B6
TrataComandoESP@cmd           cstackBANK0  0030
_ADCON0                       (abs)        001F
_ADCON0bits                   (abs)        001F
_ADCON1                       (abs)        009F
_ADC_Available                text17       0A77
_ADC_Init                     text2        0BAA
_ADC_Interrupt                text32       0A97
_ADC_Read                     text19       0A89
_ADC_Run                      text30       0B51
_ADC_Select_Channel           text18       0AF0
_ADC_Temporizador             bssCOMMON    007C
_ADRESH                       (abs)        001E
_ADRESL                       (abs)        009E
_BufferRead                   bssBANK1     00B9
_BufferWrite                  bssBANK3     0190
_ControleLed                  text20       0D70
_EnvioDadosSerial             text26       06C6
_INTCON                       (abs)        000B
_INTCONbits                   (abs)        000B
_Interrupcao                  text31       0C8A
_ModuloCM                     nvBANK1      00E2
_OPTION_REG                   (abs)        0081
_PIE1bits                     (abs)        008C
_PIR1bits                     (abs)        000C
_PORTB                        (abs)        0006
_PORTD                        (abs)        0008
_PORTDbits                    (abs)        0008
_RCREG                        (abs)        001A
_RCSTA                        (abs)        0018
_RCSTAbits                    (abs)        0018
_RTC                          bssBANK1     00A9
_SPBRG                        (abs)        0099
_SSPADD                       (abs)        0093
_SSPCON                       (abs)        0014
_SSPCON2                      (abs)        0091
_SSPCON2bits                  (abs)        0091
_SSPSTAT                      (abs)        0094
_SensoresAnalogicos           text4        0015
_Serial_9600_Init             text3        07C6
_Serial_Available             text22       0A7B
_Serial_Interrupt             text33       0CD4
_Serial_Read                  text23       0B1B
_Serial_Write                 text27       0B6E
_Setup                        text1        0BCA
_TMR0                         (abs)        0001
_TRISA                        (abs)        0085
_TRISB                        (abs)        0086
_TRISC3                       (abs)        043B
_TRISC4                       (abs)        043C
_TRISD                        (abs)        0088
_TRISE                        (abs)        0089
_TXREG                        (abs)        0019
_TXSTA                        (abs)        0098
_TXSTAbits                    (abs)        0098
_TemporizadorLed              bssBANK1     00AB
_TemporizadorPortb            bssBANK1     00AD
_TemporizadorSerialR          bssBANK1     00AF
_TemporizadorSerialW          nvBANK1      00E0
_Tensao                       bssBANK1     00A4
_TrataComandoESP              text21       0755
__CFG_BOREN$ON                (abs)        0000
__CFG_CP$OFF                  (abs)        0000
__CFG_CPD$OFF                 (abs)        0000
__CFG_FOSC$HS                 (abs)        0000
__CFG_LVP$OFF                 (abs)        0000
__CFG_PWRTE$OFF               (abs)        0000
__CFG_WDTE$OFF                (abs)        0000
__CFG_WRT$OFF                 (abs)        0000
__Habs1                       abs1         0000
__Hbank0                      bank0        0000
__Hbank1                      bank1        0000
__Hbank2                      bank2        0000
__Hbank3                      bank3        0000
__HbssBANK0                   bssBANK0     0000
__HbssBANK1                   bssBANK1     0000
__HbssBANK3                   bssBANK3     0000
__HbssCOMMON                  bssCOMMON    0000
__Hcinit                      cinit        0000
__Hclrtext                    clrtext      0000
__Hcode                       code         0000
__Hcommon                     common       0000
__Hconfig                     config       2008
__HcstackBANK0                cstackBANK0  0000
__HcstackBANK1                cstackBANK1  0000
__HcstackCOMMON               cstackCOMMON 0000
__Heeprom_data                eeprom_data  0000
__Hend_init                   end_init     0015
__Hfunctab                    functab      0000
__Hidloc                      idloc        0000
__Hinit                       init         0012
__Hintentry                   intentry     0012
__Hmaintext                   maintext     0000
__HnvBANK1                    nvBANK1      0000
__Hpowerup                    powerup      0000
__Hram                        ram          0000
__Hreset_vec                  reset_vec    0003
__Hsfr0                       sfr0         0000
__Hsfr1                       sfr1         0000
__Hsfr2                       sfr2         0000
__Hsfr3                       sfr3         0000
__Hstrings                    strings      0000
__Htext                       text         0000
__Labs1                       abs1         0000
__Lbank0                      bank0        0000
__Lbank1                      bank1        0000
__Lbank2                      bank2        0000
__Lbank3                      bank3        0000
__LbssBANK0                   bssBANK0     0000
__LbssBANK1                   bssBANK1     0000
__LbssBANK3                   bssBANK3     0000
__LbssCOMMON                  bssCOMMON    0000
__Lcinit                      cinit        0000
__Lclrtext                    clrtext      0000
__Lcode                       code         0000
__Lcommon                     common       0000
__Lconfig                     config       2007
__LcstackBANK0                cstackBANK0  0000
__LcstackBANK1                cstackBANK1  0000
__LcstackCOMMON               cstackCOMMON 0000
__Leeprom_data                eeprom_data  0000
__Lend_init                   end_init     0012
__Lfunctab                    functab      0000
__Lidloc                      idloc        0000
__Linit                       init         0012
__Lintentry                   intentry     0004
__Lmaintext                   maintext     0000
__LnvBANK1                    nvBANK1      0000
__Lpowerup                    powerup      0000
__Lram                        ram          0000
__Lreset_vec                  reset_vec    0000
__Lsfr0                       sfr0         0000
__Lsfr1                       sfr1         0000
__Lsfr2                       sfr2         0000
__Lsfr3                       sfr3         0000
__Lstrings                    strings      0000
__Ltext                       text         0000
__S0                          (abs)        2008
__S1                          (abs)        01A3
__S3                          (abs)        0000
___aldiv                      text10       0637
___aldiv@counter              cstackBANK0  002E
___aldiv@dividend             cstackBANK0  0029
___aldiv@divisor              cstackBANK0  0025
___aldiv@quotient             cstackBANK0  0030
___aldiv@sign                 cstackBANK0  002F
___altoft                     text9        0C48
___altoft@c                   cstackBANK0  0034
___altoft@exp                 cstackBANK0  003A
___altoft@sign                cstackBANK0  003B
___awmod                      text8        0D21
___awmod@counter              cstackBANK0  002A
___awmod@dividend             cstackBANK0  0027
___awmod@divisor              cstackBANK0  0025
___awmod@sign                 cstackBANK0  002B
___ftadd                      text13       02DA
___ftadd@exp1                 cstackBANK0  0039
___ftadd@exp2                 cstackBANK0  0038
___ftadd@f1                   cstackBANK0  002D
___ftadd@f2                   cstackBANK0  0030
___ftadd@sign                 cstackBANK0  0037
___ftdiv                      text7        057F
___ftdiv@cntr                 cstackBANK0  0060
___ftdiv@exp                  cstackBANK0  0064
___ftdiv@f1                   cstackBANK0  0059
___ftdiv@f2                   cstackBANK0  0056
___ftdiv@f3                   cstackBANK0  0061
___ftdiv@sign                 cstackBANK0  0065
___ftge                       text16       0F37
___ftge@ff1                   cstackBANK0  0025
___ftge@ff2                   cstackBANK0  0028
___ftmul                      text14       03E3
___ftmul@cntr                 cstackBANK0  003B
___ftmul@exp                  cstackBANK0  0037
___ftmul@f1                   cstackBANK0  002D
___ftmul@f2                   cstackBANK0  0030
___ftmul@f3_as_product        cstackBANK0  0038
___ftmul@sign                 cstackBANK0  003C
___ftpack                     text15       0F96
___ftpack@arg                 cstackBANK0  0025
___ftpack@exp                 cstackBANK0  0028
___ftpack@sign                cstackBANK0  0029
___ftsub                      text12       0B35
___ftsub@f1                   cstackBANK0  003D
___ftsub@f2                   cstackBANK0  003A
___fttol                      text6        04B6
___fttol@exp1                 cstackBANK1  00D5
___fttol@f1                   cstackBANK0  0066
___fttol@lval                 cstackBANK1  00D1
___fttol@sign1                cstackBANK1  00D0
___latbits                    (abs)        0002
___lmul                       text5        0C07
___lmul@multiplicand          cstackBANK0  0029
___lmul@multiplier            cstackBANK0  0025
___lmul@product               cstackBANK0  002E
__end_of_ADC_Available        text17       0A7B
__end_of_ADC_Init             text2        0BCA
__end_of_ADC_Interrupt        text32       0AA6
__end_of_ADC_Read             text19       0A97
__end_of_ADC_Run              text30       0B6E
__end_of_ADC_Select_Channel   text18       0B05
__end_of_ControleLed          text20       0DC7
__end_of_EnvioDadosSerial     text26       0755
__end_of_Interrupcao          text31       0CD4
__end_of_SensoresAnalogicos   text4        01B7
__end_of_Serial_9600_Init     text3        07F8
__end_of_Serial_Available     text22       0A89
__end_of_Serial_Interrupt     text33       0D21
__end_of_Serial_Read          text23       0B35
__end_of_Serial_Write         text27       0B8B
__end_of_Setup                text1        0C07
__end_of_TrataComandoESP      text21       07C6
__end_of___aldiv              text10       06C6
__end_of___altoft             text9        0C8A
__end_of___awmod              text8        0D70
__end_of___ftadd              text13       03E3
__end_of___ftdiv              text7        0637
__end_of___ftge               text16       0F96
__end_of___ftmul              text14       04B6
__end_of___ftpack             text15       1000
__end_of___ftsub              text12       0B51
__end_of___fttol              text6        057F
__end_of___lmul               text5        0C48
__end_of__initialization      cinit        0B17
__end_of_estaCheia            text29       0AF0
__end_of_estaVazia            text25       0ADC
__end_of_inserir              text28       0ED9
__end_of_main                 maintext     0BAA
__end_of_remover              text24       0F37
__end_of_sqrt                 text11       02DA
__end_ofi1_estaCheia          text34       0AC9
__end_ofi1_estaVazia          text35       0AB7
__end_ofi1_inserir            text37       0E21
__end_ofi1_remover            text36       0E7D
__initialization              cinit        0B05
__pbssBANK0                   bssBANK0     006A
__pbssBANK1                   bssBANK1     00A0
__pbssBANK3                   bssBANK3     0190
__pbssCOMMON                  bssCOMMON    007C
__pcstackBANK0                cstackBANK0  0020
__pcstackBANK1                cstackBANK1  00CC
__pcstackCOMMON               cstackCOMMON 0070
__pintentry                   intentry     0004
__pmaintext                   maintext     0B8B
__pnvBANK1                    nvBANK1      00E0
__ptext1                      text1        0BCA
__ptext10                     text10       0637
__ptext11                     text11       01B7
__ptext12                     text12       0B35
__ptext13                     text13       02DA
__ptext14                     text14       03E3
__ptext15                     text15       0F96
__ptext16                     text16       0F37
__ptext17                     text17       0A77
__ptext18                     text18       0AF0
__ptext19                     text19       0A89
__ptext2                      text2        0BAA
__ptext20                     text20       0D70
__ptext21                     text21       0755
__ptext22                     text22       0A7B
__ptext23                     text23       0B1B
__ptext24                     text24       0ED9
__ptext25                     text25       0AC9
__ptext26                     text26       06C6
__ptext27                     text27       0B6E
__ptext28                     text28       0E7D
__ptext29                     text29       0ADC
__ptext3                      text3        07C6
__ptext30                     text30       0B51
__ptext31                     text31       0C8A
__ptext32                     text32       0A97
__ptext33                     text33       0CD4
__ptext34                     text34       0AB7
__ptext35                     text35       0AA6
__ptext36                     text36       0E21
__ptext37                     text37       0DC7
__ptext4                      text4        0015
__ptext5                      text5        0C07
__ptext6                      text6        04B6
__ptext7                      text7        057F
__ptext8                      text8        0D21
__ptext9                      text9        0C48
__size_of_ADC_Available       (abs)        0000
__size_of_ADC_Init            (abs)        0000
__size_of_ADC_Interrupt       (abs)        0000
__size_of_ADC_Read            (abs)        0000
__size_of_ADC_Run             (abs)        0000
__size_of_ADC_Select_Channel  (abs)        0000
__size_of_ControleLed         (abs)        0000
__size_of_EnvioDadosSerial    (abs)        0000
__size_of_Interrupcao         (abs)        0000
__size_of_SensoresAnalogicos  (abs)        0000
__size_of_Serial_9600_Init    (abs)        0000
__size_of_Serial_Available    (abs)        0000
__size_of_Serial_Interrupt    (abs)        0000
__size_of_Serial_Read         (abs)        0000
__size_of_Serial_Write        (abs)        0000
__size_of_Setup               (abs)        0000
__size_of_TrataComandoESP     (abs)        0000
__size_of___aldiv             (abs)        0000
__size_of___altoft            (abs)        0000
__size_of___awmod             (abs)        0000
__size_of___ftadd             (abs)        0000
__size_of___ftdiv             (abs)        0000
__size_of___ftge              (abs)        0000
__size_of___ftmul             (abs)        0000
__size_of___ftpack            (abs)        0000
__size_of___ftsub             (abs)        0000
__size_of___fttol             (abs)        0000
__size_of___lmul              (abs)        0000
__size_of_estaCheia           (abs)        0000
__size_of_estaVazia           (abs)        0000
__size_of_inserir             (abs)        0000
__size_of_main                (abs)        0000
__size_of_remover             (abs)        0000
__size_of_sqrt                (abs)        0000
__size_ofi1_estaCheia         (abs)        0000
__size_ofi1_estaVazia         (abs)        0000
__size_ofi1_inserir           (abs)        0000
__size_ofi1_remover           (abs)        0000
_clearPORTB                   bssBANK1     00B7
_conectado                    bssBANK1     00B8
_dadoDisponivel               bssBANK0     006A
_errno                        bssBANK1     00B1
_estaCheia                    text29       0ADC
_estaVazia                    text25       0AC9
_inserir                      text28       0E7D
_main                         maintext     0B8B
_remover                      text24       0ED9
_sqrt                         text11       01B7
btemp                         (abs)        007E
clear_ram0                    clrtext      07F8
end_of_initialization         cinit        0B17
estaCheia@buf                 cstackBANK0  0025
estaVazia@buf                 cstackBANK0  0025
i1_estaCheia                  text34       0AB7
i1_estaVazia                  text35       0AA6
i1_inserir                    text37       0DC7
i1_remover                    text36       0E21
i1estaCheia@buf               cstackCOMMON 0070
i1estaVazia@buf               cstackCOMMON 0070
i1inserir@Valor               cstackCOMMON 0072
i1inserir@buf                 cstackCOMMON 0070
i1remover@buf                 cstackCOMMON 0070
i1remover@temp                cstackCOMMON 0078
inserir@Valor                 cstackBANK0  0027
inserir@buf                   cstackBANK0  0025
interrupt_function            intentry     0004
intlevel0                     functab      0000
intlevel1                     functab      0000
intlevel2                     functab      0000
intlevel3                     functab      0000
intlevel4                     functab      0000
intlevel5                     functab      0000
remover@buf                   cstackBANK0  0025
remover@temp                  cstackBANK0  002D
reset_vec                     reset_vec    0000
saved_w                       (abs)        007E
sqrt@i                        cstackBANK0  004F
sqrt@og                       cstackBANK0  0049
sqrt@q                        cstackBANK0  0050
sqrt@x                        cstackBANK0  0053
sqrt@y                        cstackBANK0  0040
sqrt@z                        cstackBANK0  004C
start                         init         0012
start_initialization          cinit        0B05
wtemp0                        (abs)        007E


FUNCTION INFORMATION:

 *************** function _main *****************
 Defined at:
		line 271 in file "TCC_Main.c"
 Parameters:    Size  Location     Type
		None
 Auto vars:     Size  Location     Type
		None
 Return value:  Size  Location     Type
                  2  278[COMMON] int 
 Registers used:
		wreg, fsr0l, fsr0h, status,2, status,0, btemp+1, pclath, cstack
 Tracked objects:
		On entry : 
		On exit  : 
		Unchanged: 
 Data sizes:     COMMON   BANK0   BANK1   BANK3   BANK2
      Params:         0       0       0       0       0
      Locals:         0       0       0       0       0
      Temps:          0       0       0       0       0
      Totals:         0       0       0       0       0
Total ram usage:        0 bytes
 Hardware stack levels required when called:    8
 This function calls:
		_ADC_Run
		_EnvioDadosSerial
		_TrataComandoESP
		_ControleLed
		_SensoresAnalogicos
		_Setup
 This function is called by:
		Startup code after reset
 This function uses a non-reentrant model


 *************** function _Setup *****************
 Defined at:
		line 245 in file "TCC_Main.c"
 Parameters:    Size  Location     Type
		None
 Auto vars:     Size  Location     Type
		None
 Return value:  Size  Location     Type
		None               void
 Registers used:
		wreg, fsr0l, fsr0h, status,2, status,0, pclath, cstack
 Tracked objects:
		On entry : 
		On exit  : 
		Unchanged: 
 Data sizes:     COMMON   BANK0   BANK1   BANK3   BANK2
      Params:         0       0       0       0       0
      Locals:         0       0       0       0       0
      Temps:          0       1       0       0       0
      Totals:         0       1       0       0       0
Total ram usage:        1 bytes
 Hardware stack levels used:    1
 Hardware stack levels required when called:    4
 This function calls:
		_Serial_9600_Init
		_ADC_Init
		_ADC_Select_Channel
 This function is called by:
		_main
 This function uses a non-reentrant model


 *************** function _ADC_Init *****************
 Defined at:
		line 23 in file "ConversorAD.c"
 Parameters:    Size  Location     Type
  trisa           1    wreg     unsigned char 
  config          1    5[BANK0 ] unsigned char 
 Auto vars:     Size  Location     Type
  trisa           1    7[BANK0 ] unsigned char 
 Return value:  Size  Location     Type
		None               void
 Registers used:
		wreg, status,2, status,0
 Tracked objects:
		On entry : 
		On exit  : 
		Unchanged: 
 Data sizes:     COMMON   BANK0   BANK1   BANK3   BANK2
      Params:         0       1       0       0       0
      Locals:         0       1       0       0       0
      Temps:          0       1       0       0       0
      Totals:         0       3       0       0       0
Total ram usage:        3 bytes
 Hardware stack levels used:    1
 Hardware stack levels required when called:    3
 This function calls:
		Nothing
 This function is called by:
		_Setup
 This function uses a non-reentrant model


 *************** function _Serial_9600_Init *****************
 Defined at:
		line 7 in file "Serial.c"
 Parameters:    Size  Location     Type
  osc_freq        1    wreg     unsigned char 
 Auto vars:     Size  Location     Type
  osc_freq        1    5[BANK0 ] unsigned char 
 Return value:  Size  Location     Type
		None               void
 Registers used:
		wreg, fsr0l, fsr0h, status,2, status,0
 Tracked objects:
		On entry : 
		On exit  : 
		Unchanged: 
 Data sizes:     COMMON   BANK0   BANK1   BANK3   BANK2
      Params:         0       0       0       0       0
      Locals:         0       1       0       0       0
      Temps:          0       0       0       0       0
      Totals:         0       1       0       0       0
Total ram usage:        1 bytes
 Hardware stack levels used:    1
 Hardware stack levels required when called:    3
 This function calls:
		Nothing
 This function is called by:
		_Setup
 This function uses a non-reentrant model


 *************** function _SensoresAnalogicos *****************
 Defined at:
		line 199 in file "TCC_Main.c"
 Parameters:    Size  Location     Type
		None
 Auto vars:     Size  Location     Type
  valorAtual      2   14[BANK1 ] int 
  valorAux        4   16[BANK1 ] long 
 Return value:  Size  Location     Type
		None               void
 Registers used:
		wreg, fsr0l, fsr0h, status,2, status,0, btemp+1, pclath, cstack
 Tracked objects:
		On entry : 
		On exit  : 
		Unchanged: 
 Data sizes:     COMMON   BANK0   BANK1   BANK3   BANK2
      Params:         0       0       0       0       0
      Locals:         0       0       6       0       0
      Temps:          0       0       4       0       0
      Totals:         0       0      10       0       0
Total ram usage:       10 bytes
 Hardware stack levels used:    1
 Hardware stack levels required when called:    7
 This function calls:
		_ADC_Read
		_ADC_Select_Channel
		_ADC_Available
		_sqrt
		___aldiv
		___altoft
		___awmod
		___ftdiv
		___fttol
		___lmul
 This function is called by:
		_main
 This function uses a non-reentrant model


 *************** function ___lmul *****************
 Defined at:
		line 3 in file "C:\Program Files (x86)\Microchip\xc8\v1.20\sources\pic\lmul.c"
 Parameters:    Size  Location     Type
  multiplier      4    5[BANK0 ] unsigned long 
  multiplicand    4    9[BANK0 ] unsigned long 
 Auto vars:     Size  Location     Type
  product         4   14[BANK0 ] unsigned long 
 Return value:  Size  Location     Type
                  4    5[BANK0 ] unsigned long 
 Registers used:
		wreg, status,2, status,0
 Tracked objects:
		On entry : 
		On exit  : 
		Unchanged: 
 Data sizes:     COMMON   BANK0   BANK1   BANK3   BANK2
      Params:         0       8       0       0       0
      Locals:         0       4       0       0       0
      Temps:          0       1       0       0       0
      Totals:         0      13       0       0       0
Total ram usage:       13 bytes
 Hardware stack levels used:    1
 Hardware stack levels required when called:    3
 This function calls:
		Nothing
 This function is called by:
		_SensoresAnalogicos
 This function uses a non-reentrant model


 *************** function ___fttol *****************
 Defined at:
		line 45 in file "C:\Program Files (x86)\Microchip\xc8\v1.20\sources\pic\fttol.c"
 Parameters:    Size  Location     Type
  f1              3   70[BANK0 ] float 
 Auto vars:     Size  Location     Type
  lval            4    5[BANK1 ] unsigned long 
  exp1            1    9[BANK1 ] unsigned char 
  sign1           1    4[BANK1 ] unsigned char 
 Return value:  Size  Location     Type
                  4   70[BANK0 ] long 
 Registers used:
		wreg, status,2, status,0
 Tracked objects:
		On entry : 
		On exit  : 
		Unchanged: 
 Data sizes:     COMMON   BANK0   BANK1   BANK3   BANK2
      Params:         0       4       0       0       0
      Locals:         0       0       6       0       0
      Temps:          0       0       4       0       0
      Totals:         0       4      10       0       0
Total ram usage:       14 bytes
 Hardware stack levels used:    1
 Hardware stack levels required when called:    3
 This function calls:
		Nothing
 This function is called by:
		_SensoresAnalogicos
 This function uses a non-reentrant model


 *************** function ___ftdiv *****************
 Defined at:
		line 50 in file "C:\Program Files (x86)\Microchip\xc8\v1.20\sources\pic\ftdiv.c"
 Parameters:    Size  Location     Type
  f2              3   54[BANK0 ] float 
  f1              3   57[BANK0 ] float 
 Auto vars:     Size  Location     Type
  f3              3   65[BANK0 ] float 
  sign            1   69[BANK0 ] unsigned char 
  exp             1   68[BANK0 ] unsigned char 
  cntr            1   64[BANK0 ] unsigned char 
 Return value:  Size  Location     Type
                  3   54[BANK0 ] float 
 Registers used:
		wreg, status,2, status,0, pclath, cstack
 Tracked objects:
		On entry : 
		On exit  : 
		Unchanged: 
 Data sizes:     COMMON   BANK0   BANK1   BANK3   BANK2
      Params:         0       6       0       0       0
      Locals:         0       6       0       0       0
      Temps:          0       4       0       0       0
      Totals:         0      16       0       0       0
Total ram usage:       16 bytes
 Hardware stack levels used:    1
 Hardware stack levels required when called:    4
 This function calls:
		___ftpack
 This function is called by:
		_SensoresAnalogicos
 This function uses a non-reentrant model


 *************** function ___awmod *****************
 Defined at:
		line 5 in file "C:\Program Files (x86)\Microchip\xc8\v1.20\sources\pic\awmod.c"
 Parameters:    Size  Location     Type
  divisor         2    5[BANK0 ] int 
  dividend        2    7[BANK0 ] int 
 Auto vars:     Size  Location     Type
  sign            1   11[BANK0 ] unsigned char 
  counter         1   10[BANK0 ] unsigned char 
 Return value:  Size  Location     Type
                  2    5[BANK0 ] int 
 Registers used:
		wreg, status,2, status,0
 Tracked objects:
		On entry : 
		On exit  : 
		Unchanged: 
 Data sizes:     COMMON   BANK0   BANK1   BANK3   BANK2
      Params:         0       4       0       0       0
      Locals:         0       2       0       0       0
      Temps:          0       1       0       0       0
      Totals:         0       7       0       0       0
Total ram usage:        7 bytes
 Hardware stack levels used:    1
 Hardware stack levels required when called:    3
 This function calls:
		Nothing
 This function is called by:
		_SensoresAnalogicos
 This function uses a non-reentrant model


 *************** function ___altoft *****************
 Defined at:
		line 43 in file "C:\Program Files (x86)\Microchip\xc8\v1.20\sources\pic\altoft.c"
 Parameters:    Size  Location     Type
  c               4   20[BANK0 ] long 
 Auto vars:     Size  Location     Type
  sign            1   27[BANK0 ] unsigned char 
  exp             1   26[BANK0 ] unsigned char 
 Return value:  Size  Location     Type
                  3   20[BANK0 ] float 
 Registers used:
		wreg, status,2, status,0, pclath, cstack
 Tracked objects:
		On entry : 
		On exit  : 
		Unchanged: 
 Data sizes:     COMMON   BANK0   BANK1   BANK3   BANK2
      Params:         0       4       0       0       0
      Locals:         0       2       0       0       0
      Temps:          0       2       0       0       0
      Totals:         0       8       0       0       0
Total ram usage:        8 bytes
 Hardware stack levels used:    1
 Hardware stack levels required when called:    4
 This function calls:
		___ftpack
 This function is called by:
		_SensoresAnalogicos
 This function uses a non-reentrant model


 *************** function ___aldiv *****************
 Defined at:
		line 5 in file "C:\Program Files (x86)\Microchip\xc8\v1.20\sources\pic\aldiv.c"
 Parameters:    Size  Location     Type
  divisor         4    5[BANK0 ] long 
  dividend        4    9[BANK0 ] long 
 Auto vars:     Size  Location     Type
  quotient        4   16[BANK0 ] long 
  sign            1   15[BANK0 ] unsigned char 
  counter         1   14[BANK0 ] unsigned char 
 Return value:  Size  Location     Type
                  4    5[BANK0 ] long 
 Registers used:
		wreg, status,2, status,0
 Tracked objects:
		On entry : 
		On exit  : 
		Unchanged: 
 Data sizes:     COMMON   BANK0   BANK1   BANK3   BANK2
      Params:         0       8       0       0       0
      Locals:         0       6       0       0       0
      Temps:          0       1       0       0       0
      Totals:         0      15       0       0       0
Total ram usage:       15 bytes
 Hardware stack levels used:    1
 Hardware stack levels required when called:    3
 This function calls:
		Nothing
 This function is called by:
		_SensoresAnalogicos
 This function uses a non-reentrant model


 *************** function _sqrt *****************
 Defined at:
		line 14 in file "C:\Program Files (x86)\Microchip\xc8\v1.20\sources\common\sqrt.c"
 Parameters:    Size  Location     Type
  y               3   32[BANK0 ] long 
 Auto vars:     Size  Location     Type
  x               3   51[BANK0 ] long 
  q               3   48[BANK0 ] long 
  z               3   44[BANK0 ] long 
  og              3   41[BANK0 ] long 
  i               1   47[BANK0 ] unsigned char 
 Return value:  Size  Location     Type
                  3   32[BANK0 ] unsigned char 
 Registers used:
		wreg, status,2, status,0, pclath, cstack
 Tracked objects:
		On entry : 
		On exit  : 
		Unchanged: 
 Data sizes:     COMMON   BANK0   BANK1   BANK3   BANK2
      Params:         0       3       0       0       0
      Locals:         0      13       0       0       0
      Temps:          0       6       0       0       0
      Totals:         0      22       0       0       0
Total ram usage:       22 bytes
 Hardware stack levels used:    1
 Hardware stack levels required when called:    6
 This function calls:
		___ftge
		___ftmul
		___ftsub
 This function is called by:
		_SensoresAnalogicos
 This function uses a non-reentrant model


 *************** function ___ftsub *****************
 Defined at:
		line 17 in file "C:\Program Files (x86)\Microchip\xc8\v1.20\sources\pic\ftsub.c"
 Parameters:    Size  Location     Type
  f2              3   26[BANK0 ] float 
  f1              3   29[BANK0 ] float 
 Auto vars:     Size  Location     Type
		None
 Return value:  Size  Location     Type
                  3   26[BANK0 ] float 
 Registers used:
		wreg, status,2, status,0, pclath, cstack
 Tracked objects:
		On entry : 
		On exit  : 
		Unchanged: 
 Data sizes:     COMMON   BANK0   BANK1   BANK3   BANK2
      Params:         0       6       0       0       0
      Locals:         0       0       0       0       0
      Temps:          0       0       0       0       0
      Totals:         0       6       0       0       0
Total ram usage:        6 bytes
 Hardware stack levels used:    1
 Hardware stack levels required when called:    5
 This function calls:
		___ftadd
 This function is called by:
		_sqrt
 This function uses a non-reentrant model


 *************** function ___ftadd *****************
 Defined at:
		line 87 in file "C:\Program Files (x86)\Microchip\xc8\v1.20\sources\pic\ftadd.c"
 Parameters:    Size  Location     Type
  f1              3   13[BANK0 ] float 
  f2              3   16[BANK0 ] float 
 Auto vars:     Size  Location     Type
  exp1            1   25[BANK0 ] unsigned char 
  exp2            1   24[BANK0 ] unsigned char 
  sign            1   23[BANK0 ] unsigned char 
 Return value:  Size  Location     Type
                  3   13[BANK0 ] float 
 Registers used:
		wreg, status,2, status,0, pclath, cstack
 Tracked objects:
		On entry : 
		On exit  : 
		Unchanged: 
 Data sizes:     COMMON   BANK0   BANK1   BANK3   BANK2
      Params:         0       6       0       0       0
      Locals:         0       3       0       0       0
      Temps:          0       4       0       0       0
      Totals:         0      13       0       0       0
Total ram usage:       13 bytes
 Hardware stack levels used:    1
 Hardware stack levels required when called:    4
 This function calls:
		___ftpack
 This function is called by:
		___ftsub
 This function uses a non-reentrant model


 *************** function ___ftmul *****************
 Defined at:
		line 52 in file "C:\Program Files (x86)\Microchip\xc8\v1.20\sources\pic\ftmul.c"
 Parameters:    Size  Location     Type
  f1              3   13[BANK0 ] float 
  f2              3   16[BANK0 ] float 
 Auto vars:     Size  Location     Type
  f3_as_produc    3   24[BANK0 ] unsigned um
  sign            1   28[BANK0 ] unsigned char 
  cntr            1   27[BANK0 ] unsigned char 
  exp             1   23[BANK0 ] unsigned char 
 Return value:  Size  Location     Type
                  3   13[BANK0 ] float 
 Registers used:
		wreg, status,2, status,0, pclath, cstack
 Tracked objects:
		On entry : 
		On exit  : 
		Unchanged: 
 Data sizes:     COMMON   BANK0   BANK1   BANK3   BANK2
      Params:         0       6       0       0       0
      Locals:         0       6       0       0       0
      Temps:          0       4       0       0       0
      Totals:         0      16       0       0       0
Total ram usage:       16 bytes
 Hardware stack levels used:    1
 Hardware stack levels required when called:    4
 This function calls:
		___ftpack
 This function is called by:
		_sqrt
 This function uses a non-reentrant model


 *************** function ___ftpack *****************
 Defined at:
		line 63 in file "C:\Program Files (x86)\Microchip\xc8\v1.20\sources\pic\float.c"
 Parameters:    Size  Location     Type
  arg             3    5[BANK0 ] unsigned um
  exp             1    8[BANK0 ] unsigned char 
  sign            1    9[BANK0 ] unsigned char 
 Auto vars:     Size  Location     Type
		None
 Return value:  Size  Location     Type
                  3    5[BANK0 ] float 
 Registers used:
		wreg, status,2, status,0
 Tracked objects:
		On entry : 
		On exit  : 
		Unchanged: 
 Data sizes:     COMMON   BANK0   BANK1   BANK3   BANK2
      Params:         0       5       0       0       0
      Locals:         0       0       0       0       0
      Temps:          0       3       0       0       0
      Totals:         0       8       0       0       0
Total ram usage:        8 bytes
 Hardware stack levels used:    1
 Hardware stack levels required when called:    3
 This function calls:
		Nothing
 This function is called by:
		___altoft
		___ftadd
		___ftdiv
		___ftmul
 This function uses a non-reentrant model


 *************** function ___ftge *****************
 Defined at:
		line 5 in file "C:\Program Files (x86)\Microchip\xc8\v1.20\sources\pic\ftge.c"
 Parameters:    Size  Location     Type
  ff1             3    5[BANK0 ] float 
  ff2             3    8[BANK0 ] float 
 Auto vars:     Size  Location     Type
		None
 Return value:  Size  Location     Type
		None               void
 Registers used:
		wreg, status,2, status,0
 Tracked objects:
		On entry : 
		On exit  : 
		Unchanged: 
 Data sizes:     COMMON   BANK0   BANK1   BANK3   BANK2
      Params:         0       6       0       0       0
      Locals:         0       0       0       0       0
      Temps:          0       6       0       0       0
      Totals:         0      12       0       0       0
Total ram usage:       12 bytes
 Hardware stack levels used:    1
 Hardware stack levels required when called:    3
 This function calls:
		Nothing
 This function is called by:
		_sqrt
 This function uses a non-reentrant model


 *************** function _ADC_Available *****************
 Defined at:
		line 67 in file "ConversorAD.c"
 Parameters:    Size  Location     Type
		None
 Auto vars:     Size  Location     Type
		None
 Return value:  Size  Location     Type
                  1    wreg      unsigned char 
 Registers used:
		wreg
 Tracked objects:
		On entry : 
		On exit  : 
		Unchanged: 
 Data sizes:     COMMON   BANK0   BANK1   BANK3   BANK2
      Params:         0       0       0       0       0
      Locals:         0       0       0       0       0
      Temps:          0       0       0       0       0
      Totals:         0       0       0       0       0
Total ram usage:        0 bytes
 Hardware stack levels used:    1
 Hardware stack levels required when called:    3
 This function calls:
		Nothing
 This function is called by:
		_SensoresAnalogicos
 This function uses a non-reentrant model


 *************** function _ADC_Select_Channel *****************
 Defined at:
		line 61 in file "ConversorAD.c"
 Parameters:    Size  Location     Type
  ch              1    wreg     unsigned char 
 Auto vars:     Size  Location     Type
  ch              1    7[BANK0 ] unsigned char 
 Return value:  Size  Location     Type
		None               void
 Registers used:
		wreg, status,2, status,0
 Tracked objects:
		On entry : 
		On exit  : 
		Unchanged: 
 Data sizes:     COMMON   BANK0   BANK1   BANK3   BANK2
      Params:         0       0       0       0       0
      Locals:         0       1       0       0       0
      Temps:          0       2       0       0       0
      Totals:         0       3       0       0       0
Total ram usage:        3 bytes
 Hardware stack levels used:    1
 Hardware stack levels required when called:    3
 This function calls:
		Nothing
 This function is called by:
		_SensoresAnalogicos
		_Setup
 This function uses a non-reentrant model


 *************** function _ADC_Read *****************
 Defined at:
		line 55 in file "ConversorAD.c"
 Parameters:    Size  Location     Type
		None
 Auto vars:     Size  Location     Type
		None
 Return value:  Size  Location     Type
                  2    5[BANK0 ] int 
 Registers used:
		wreg, status,2, status,0
 Tracked objects:
		On entry : 
		On exit  : 
		Unchanged: 
 Data sizes:     COMMON   BANK0   BANK1   BANK3   BANK2
      Params:         0       2       0       0       0
      Locals:         0       0       0       0       0
      Temps:          0       0       0       0       0
      Totals:         0       2       0       0       0
Total ram usage:        2 bytes
 Hardware stack levels used:    1
 Hardware stack levels required when called:    3
 This function calls:
		Nothing
 This function is called by:
		_SensoresAnalogicos
 This function uses a non-reentrant model


 *************** function _ControleLed *****************
 Defined at:
		line 163 in file "TCC_Main.c"
 Parameters:    Size  Location     Type
		None
 Auto vars:     Size  Location     Type
		None
 Return value:  Size  Location     Type
		None               void
 Registers used:
		wreg, fsr0l, fsr0h, status,2, status,0
 Tracked objects:
		On entry : 
		On exit  : 
		Unchanged: 
 Data sizes:     COMMON   BANK0   BANK1   BANK3   BANK2
      Params:         0       0       0       0       0
      Locals:         0       0       0       0       0
      Temps:          0       1       0       0       0
      Totals:         0       1       0       0       0
Total ram usage:        1 bytes
 Hardware stack levels used:    1
 Hardware stack levels required when called:    3
 This function calls:
		Nothing
 This function is called by:
		_main
 This function uses a non-reentrant model


 *************** function _TrataComandoESP *****************
 Defined at:
		line 104 in file "TCC_Main.c"
 Parameters:    Size  Location     Type
		None
 Auto vars:     Size  Location     Type
  cmd             1   16[BANK0 ] unsigned char 
 Return value:  Size  Location     Type
		None               void
 Registers used:
		wreg, fsr0l, fsr0h, status,2, status,0, pclath, cstack
 Tracked objects:
		On entry : 
		On exit  : 
		Unchanged: 
 Data sizes:     COMMON   BANK0   BANK1   BANK3   BANK2
      Params:         0       0       0       0       0
      Locals:         0       1       0       0       0
      Temps:          0       1       0       0       0
      Totals:         0       2       0       0       0
Total ram usage:        2 bytes
 Hardware stack levels used:    1
 Hardware stack levels required when called:    5
 This function calls:
		_Serial_Read
		_Serial_Available
 This function is called by:
		_main
 This function uses a non-reentrant model


 *************** function _Serial_Available *****************
 Defined at:
		line 77 in file "Serial.c"
 Parameters:    Size  Location     Type
		None
 Auto vars:     Size  Location     Type
		None
 Return value:  Size  Location     Type
                  1    wreg      unsigned char 
 Registers used:
		wreg, fsr0l, fsr0h, status,2, status,0, pclath, cstack
 Tracked objects:
		On entry : 
		On exit  : 
		Unchanged: 
 Data sizes:     COMMON   BANK0   BANK1   BANK3   BANK2
      Params:         0       0       0       0       0
      Locals:         0       0       0       0       0
      Temps:          0       0       0       0       0
      Totals:         0       0       0       0       0
Total ram usage:        0 bytes
 Hardware stack levels used:    1
 Hardware stack levels required when called:    4
 This function calls:
		_estaVazia
 This function is called by:
		_TrataComandoESP
 This function uses a non-reentrant model


 *************** function _Serial_Read *****************
 Defined at:
		line 69 in file "Serial.c"
 Parameters:    Size  Location     Type
		None
 Auto vars:     Size  Location     Type
		None
 Return value:  Size  Location     Type
                  1    wreg      unsigned char 
 Registers used:
		wreg, fsr0l, fsr0h, status,2, status,0, pclath, cstack
 Tracked objects:
		On entry : 
		On exit  : 
		Unchanged: 
 Data sizes:     COMMON   BANK0   BANK1   BANK3   BANK2
      Params:         0       0       0       0       0
      Locals:         0       0       0       0       0
      Temps:          0       0       0       0       0
      Totals:         0       0       0       0       0
Total ram usage:        0 bytes
 Hardware stack levels used:    1
 Hardware stack levels required when called:    4
 This function calls:
		_estaVazia
		_remover
 This function is called by:
		_TrataComandoESP
 This function uses a non-reentrant model


 *************** function _remover *****************
 Defined at:
		line 101 in file "Serial.c"
 Parameters:    Size  Location     Type
  buf             2    5[BANK0 ] PTR struct fila
		 -> BufferRead(19), BufferWrite(19), 
 Auto vars:     Size  Location     Type
  temp            2   13[BANK0 ] int 
 Return value:  Size  Location     Type
                  1    wreg      unsigned char 
 Registers used:
		wreg, fsr0l, fsr0h, status,2, status,0
 Tracked objects:
		On entry : 
		On exit  : 
		Unchanged: 
 Data sizes:     COMMON   BANK0   BANK1   BANK3   BANK2
      Params:         0       2       0       0       0
      Locals:         0       2       0       0       0
      Temps:          0       6       0       0       0
      Totals:         0      10       0       0       0
Total ram usage:       10 bytes
 Hardware stack levels used:    1
 Hardware stack levels required when called:    3
 This function calls:
		Nothing
 This function is called by:
		_Serial_Read
 This function uses a non-reentrant model


 *************** function _estaVazia *****************
 Defined at:
		line 112 in file "Serial.c"
 Parameters:    Size  Location     Type
  buf             2    5[BANK0 ] PTR struct fila
		 -> BufferRead(19), BufferWrite(19), 
 Auto vars:     Size  Location     Type
		None
 Return value:  Size  Location     Type
                  1    wreg      unsigned char 
 Registers used:
		wreg, fsr0l, fsr0h, status,2, status,0
 Tracked objects:
		On entry : 
		On exit  : 
		Unchanged: 
 Data sizes:     COMMON   BANK0   BANK1   BANK3   BANK2
      Params:         0       2       0       0       0
      Locals:         0       0       0       0       0
      Temps:          0       2       0       0       0
      Totals:         0       4       0       0       0
Total ram usage:        4 bytes
 Hardware stack levels used:    1
 Hardware stack levels required when called:    3
 This function calls:
		Nothing
 This function is called by:
		_Serial_Read
		_Serial_Available
 This function uses a non-reentrant model


 *************** function _EnvioDadosSerial *****************
 Defined at:
		line 72 in file "TCC_Main.c"
 Parameters:    Size  Location     Type
		None
 Auto vars:     Size  Location     Type
  i               1    0        unsigned char 
 Return value:  Size  Location     Type
		None               void
 Registers used:
		wreg, fsr0l, fsr0h, status,2, status,0, pclath, cstack
 Tracked objects:
		On entry : 
		On exit  : 
		Unchanged: 
 Data sizes:     COMMON   BANK0   BANK1   BANK3   BANK2
      Params:         0       0       0       0       0
      Locals:         0       0       0       0       0
      Temps:          0       1       0       0       0
      Totals:         0       1       0       0       0
Total ram usage:        1 bytes
 Hardware stack levels used:    1
 Hardware stack levels required when called:    5
 This function calls:
		_Serial_Write
 This function is called by:
		_main
 This function uses a non-reentrant model


 *************** function _Serial_Write *****************
 Defined at:
		line 63 in file "Serial.c"
 Parameters:    Size  Location     Type
  Valor           1    wreg     unsigned char 
 Auto vars:     Size  Location     Type
  Valor           1   14[BANK0 ] unsigned char 
 Return value:  Size  Location     Type
		None               void
 Registers used:
		wreg, fsr0l, fsr0h, status,2, status,0, pclath, cstack
 Tracked objects:
		On entry : 
		On exit  : 
		Unchanged: 
 Data sizes:     COMMON   BANK0   BANK1   BANK3   BANK2
      Params:         0       0       0       0       0
      Locals:         0       1       0       0       0
      Temps:          0       1       0       0       0
      Totals:         0       2       0       0       0
Total ram usage:        2 bytes
 Hardware stack levels used:    1
 Hardware stack levels required when called:    4
 This function calls:
		_estaCheia
		_inserir
 This function is called by:
		_EnvioDadosSerial
 This function uses a non-reentrant model


 *************** function _inserir *****************
 Defined at:
		line 91 in file "Serial.c"
 Parameters:    Size  Location     Type
  buf             2    5[BANK0 ] PTR struct fila
		 -> BufferRead(19), BufferWrite(19), 
  Valor           1    7[BANK0 ] unsigned char 
 Auto vars:     Size  Location     Type
		None
 Return value:  Size  Location     Type
		None               void
 Registers used:
		wreg, fsr0l, fsr0h, status,2, status,0
 Tracked objects:
		On entry : 
		On exit  : 
		Unchanged: 
 Data sizes:     COMMON   BANK0   BANK1   BANK3   BANK2
      Params:         0       3       0       0       0
      Locals:         0       0       0       0       0
      Temps:          0       5       0       0       0
      Totals:         0       8       0       0       0
Total ram usage:        8 bytes
 Hardware stack levels used:    1
 Hardware stack levels required when called:    3
 This function calls:
		Nothing
 This function is called by:
		_Serial_Write
 This function uses a non-reentrant model


 *************** function _estaCheia *****************
 Defined at:
		line 117 in file "Serial.c"
 Parameters:    Size  Location     Type
  buf             2    5[BANK0 ] PTR struct fila
		 -> BufferRead(19), BufferWrite(19), 
 Auto vars:     Size  Location     Type
		None
 Return value:  Size  Location     Type
                  1    wreg      unsigned char 
 Registers used:
		wreg, fsr0l, fsr0h, status,2, status,0
 Tracked objects:
		On entry : 
		On exit  : 
		Unchanged: 
 Data sizes:     COMMON   BANK0   BANK1   BANK3   BANK2
      Params:         0       2       0       0       0
      Locals:         0       0       0       0       0
      Temps:          0       2       0       0       0
      Totals:         0       4       0       0       0
Total ram usage:        4 bytes
 Hardware stack levels used:    1
 Hardware stack levels required when called:    3
 This function calls:
		Nothing
 This function is called by:
		_Serial_Write
 This function uses a non-reentrant model


 *************** function _ADC_Run *****************
 Defined at:
		line 35 in file "ConversorAD.c"
 Parameters:    Size  Location     Type
		None
 Auto vars:     Size  Location     Type
		None
 Return value:  Size  Location     Type
		None               void
 Registers used:
		wreg, fsr0l, fsr0h, status,2, status,0
 Tracked objects:
		On entry : 
		On exit  : 
		Unchanged: 
 Data sizes:     COMMON   BANK0   BANK1   BANK3   BANK2
      Params:         0       0       0       0       0
      Locals:         0       0       0       0       0
      Temps:          0       0       0       0       0
      Totals:         0       0       0       0       0
Total ram usage:        0 bytes
 Hardware stack levels used:    1
 Hardware stack levels required when called:    3
 This function calls:
		Nothing
 This function is called by:
		_main
 This function uses a non-reentrant model


 *************** function _Interrupcao *****************
 Defined at:
		line 52 in file "TCC_Main.c"
 Parameters:    Size  Location     Type
		None
 Auto vars:     Size  Location     Type
		None
 Return value:  Size  Location     Type
		None               void
 Registers used:
		wreg, fsr0l, fsr0h, status,2, status,0, pclath, cstack
 Tracked objects:
		On entry : 
		On exit  : 
		Unchanged: 
 Data sizes:     COMMON   BANK0   BANK1   BANK3   BANK2
      Params:         0       0       0       0       0
      Locals:         0       0       0       0       0
      Temps:          0       5       0       0       0
      Totals:         0       5       0       0       0
Total ram usage:        5 bytes
 Hardware stack levels used:    1
 Hardware stack levels required when called:    2
 This function calls:
		_Serial_Interrupt
		_ADC_Interrupt
 This function is called by:
		Interrupt level 1
 This function uses a non-reentrant model


 *************** function _ADC_Interrupt *****************
 Defined at:
		line 8 in file "ConversorAD.c"
 Parameters:    Size  Location     Type
		None
 Auto vars:     Size  Location     Type
		None
 Return value:  Size  Location     Type
		None               void
 Registers used:
		wreg, status,2, status,0
 Tracked objects:
		On entry : 
		On exit  : 
		Unchanged: 
 Data sizes:     COMMON   BANK0   BANK1   BANK3   BANK2
      Params:         0       0       0       0       0
      Locals:         0       0       0       0       0
      Temps:          0       0       0       0       0
      Totals:         0       0       0       0       0
Total ram usage:        0 bytes
 Hardware stack levels used:    1
 This function calls:
		Nothing
 This function is called by:
		_Interrupcao
 This function uses a non-reentrant model


 *************** function _Serial_Interrupt *****************
 Defined at:
		line 36 in file "Serial.c"
 Parameters:    Size  Location     Type
		None
 Auto vars:     Size  Location     Type
  tmp             1   11[COMMON] unsigned char 
 Return value:  Size  Location     Type
		None               void
 Registers used:
		wreg, fsr0l, fsr0h, status,2, status,0, pclath, cstack
 Tracked objects:
		On entry : 
		On exit  : 
		Unchanged: 
 Data sizes:     COMMON   BANK0   BANK1   BANK3   BANK2
      Params:         0       0       0       0       0
      Locals:         1       0       0       0       0
      Temps:          1       0       0       0       0
      Totals:         2       0       0       0       0
Total ram usage:        2 bytes
 Hardware stack levels used:    1
 Hardware stack levels required when called:    1
 This function calls:
		i1_inserir
		i1_remover
		i1_estaVazia
		i1_estaCheia
 This function is called by:
		_Interrupcao
 This function uses a non-reentrant model


 *************** function i1_estaCheia *****************
 Defined at:
		line 117 in file "Serial.c"
 Parameters:    Size  Location     Type
  estaCheia       2    0[COMMON] PTR struct fila
		 -> BufferRead(19), BufferWrite(19), 
 Auto vars:     Size  Location     Type
		None
 Return value:  Size  Location     Type
                  1    wreg      unsigned char 
 Registers used:
		wreg, fsr0l, fsr0h, status,2, status,0
 Tracked objects:
		On entry : 
		On exit  : 
		Unchanged: 
 Data sizes:     COMMON   BANK0   BANK1   BANK3   BANK2
      Params:         2       0       0       0       0
      Locals:         0       0       0       0       0
      Temps:          2       0       0       0       0
      Totals:         4       0       0       0       0
Total ram usage:        4 bytes
 Hardware stack levels used:    1
 This function calls:
		Nothing
 This function is called by:
		_Serial_Interrupt
 This function uses a non-reentrant model


 *************** function i1_estaVazia *****************
 Defined at:
		line 112 in file "Serial.c"
 Parameters:    Size  Location     Type
  estaVazia       2    0[COMMON] PTR struct fila
		 -> BufferRead(19), BufferWrite(19), 
 Auto vars:     Size  Location     Type
		None
 Return value:  Size  Location     Type
                  1    wreg      unsigned char 
 Registers used:
		wreg, fsr0l, fsr0h, status,2, status,0
 Tracked objects:
		On entry : 
		On exit  : 
		Unchanged: 
 Data sizes:     COMMON   BANK0   BANK1   BANK3   BANK2
      Params:         2       0       0       0       0
      Locals:         0       0       0       0       0
      Temps:          2       0       0       0       0
      Totals:         4       0       0       0       0
Total ram usage:        4 bytes
 Hardware stack levels used:    1
 This function calls:
		Nothing
 This function is called by:
		_Serial_Interrupt
 This function uses a non-reentrant model


 *************** function i1_remover *****************
 Defined at:
		line 101 in file "Serial.c"
 Parameters:    Size  Location     Type
  remover         2    0[COMMON] PTR struct fila
		 -> BufferRead(19), BufferWrite(19), 
 Auto vars:     Size  Location     Type
  remover         2    8[COMMON] int 
 Return value:  Size  Location     Type
                  1    wreg      unsigned char 
 Registers used:
		wreg, fsr0l, fsr0h, status,2, status,0
 Tracked objects:
		On entry : 
		On exit  : 
		Unchanged: 
 Data sizes:     COMMON   BANK0   BANK1   BANK3   BANK2
      Params:         2       0       0       0       0
      Locals:         2       0       0       0       0
      Temps:          6       0       0       0       0
      Totals:        10       0       0       0       0
Total ram usage:       10 bytes
 Hardware stack levels used:    1
 This function calls:
		Nothing
 This function is called by:
		_Serial_Interrupt
 This function uses a non-reentrant model


 *************** function i1_inserir *****************
 Defined at:
		line 91 in file "Serial.c"
 Parameters:    Size  Location     Type
  inserir         2    0[COMMON] PTR struct fila
		 -> BufferRead(19), BufferWrite(19), 
  inserir         1    2[COMMON] unsigned char 
 Auto vars:     Size  Location     Type
		None
 Return value:  Size  Location     Type
		None               void
 Registers used:
		wreg, fsr0l, fsr0h, status,2, status,0
 Tracked objects:
		On entry : 
		On exit  : 
		Unchanged: 
 Data sizes:     COMMON   BANK0   BANK1   BANK3   BANK2
      Params:         3       0       0       0       0
      Locals:         0       0       0       0       0
      Temps:          5       0       0       0       0
      Totals:         8       0       0       0       0
Total ram usage:        8 bytes
 Hardware stack levels used:    1
 This function calls:
		Nothing
 This function is called by:
		_Serial_Interrupt
 This function uses a non-reentrant model



MODULE INFORMATION

Module		Function		Class		Link	Load	Size
Serial.c
		_estaVazia     		CODE           	0AC9	0000	19
		_remover       		CODE           	0ED9	0000	94
		_Serial_Read   		CODE           	0B1B	0000	26
		_Serial_Write  		CODE           	0B6E	0000	29
		_inserir       		CODE           	0E7D	0000	92
		_Serial_Availab		CODE           	0A7B	0000	14
		_Serial_9600_In		CODE           	07C6	0000	50
		_Serial_Interru		CODE           	0CD4	0000	77
		_estaCheia     		CODE           	0ADC	0000	20

Serial.c estimated size: 421

C:\Program Files (x86)\Microchip\xc8\v1.20\sources\pic\awmod.c
		___awmod       		CODE           	0D21	0000	79

C:\Program Files (x86)\Microchip\xc8\v1.20\sources\pic\awmod.c estimated size: 79

ConversorAD.c
		_ADC_Select_Cha		CODE           	0AF0	0000	21
		_ADC_Run       		CODE           	0B51	0000	29
		_ADC_Interrupt 		CODE           	0A97	0000	15
		_ADC_Read      		CODE           	0A89	0000	14
		_ADC_Init      		CODE           	0BAA	0000	32
		_ADC_Available 		CODE           	0A77	0000	4

ConversorAD.c estimated size: 115

C:\Program Files (x86)\Microchip\xc8\v1.20\sources\pic\ftadd.c
		___ftadd       		CODE           	02DA	0000	265

C:\Program Files (x86)\Microchip\xc8\v1.20\sources\pic\ftadd.c estimated size: 265

C:\Program Files (x86)\Microchip\xc8\v1.20\sources\pic\float.c
		___ftpack      		CODE           	0F96	0000	106

C:\Program Files (x86)\Microchip\xc8\v1.20\sources\pic\float.c estimated size: 106

C:\Program Files (x86)\Microchip\xc8\v1.20\sources\common\sqrt.c
		_sqrt          		CODE           	01B7	0000	291

C:\Program Files (x86)\Microchip\xc8\v1.20\sources\common\sqrt.c estimated size: 291

C:\Program Files (x86)\Microchip\xc8\v1.20\sources\pic\ftge.c
		___ftge        		CODE           	0F37	0000	95

C:\Program Files (x86)\Microchip\xc8\v1.20\sources\pic\ftge.c estimated size: 95

shared
		i1_estaCheia   		CODE           	0AB7	0000	18
		i1_remover     		CODE           	0E21	0000	92
		i1_estaVazia   		CODE           	0AA6	0000	17
		__initializatio		CODE           	0B05	0000	18
		i1_inserir     		CODE           	0DC7	0000	90

shared estimated size: 235

C:\Program Files (x86)\Microchip\xc8\v1.20\sources\pic\aldiv.c
		___aldiv       		CODE           	0637	0000	143

C:\Program Files (x86)\Microchip\xc8\v1.20\sources\pic\aldiv.c estimated size: 143

TCC_Main.c
		_ControleLed   		CODE           	0D70	0000	87
		_TrataComandoES		CODE           	0755	0000	113
		_Interrupcao   		CODE           	0C8A	0000	74
		_main          		CODE           	0B8B	0000	31
		_SensoresAnalog		CODE           	0015	0000	418
		_Setup         		CODE           	0BCA	0000	61
		_EnvioDadosSeri		CODE           	06C6	0000	143

TCC_Main.c estimated size: 927

C:\Program Files (x86)\Microchip\xc8\v1.20\sources\pic\ftdiv.c
		___ftdiv       		CODE           	057F	0000	184

C:\Program Files (x86)\Microchip\xc8\v1.20\sources\pic\ftdiv.c estimated size: 184

C:\Program Files (x86)\Microchip\xc8\v1.20\sources\pic\ftsub.c
		___ftsub       		CODE           	0B35	0000	28

C:\Program Files (x86)\Microchip\xc8\v1.20\sources\pic\ftsub.c estimated size: 28

C:\Program Files (x86)\Microchip\xc8\v1.20\sources\pic\lmul.c
		___lmul        		CODE           	0C07	0000	65

C:\Program Files (x86)\Microchip\xc8\v1.20\sources\pic\lmul.c estimated size: 65

C:\Program Files (x86)\Microchip\xc8\v1.20\sources\pic\ftmul.c
		___ftmul       		CODE           	03E3	0000	211

C:\Program Files (x86)\Microchip\xc8\v1.20\sources\pic\ftmul.c estimated size: 211

C:\Program Files (x86)\Microchip\xc8\v1.20\sources\pic\fttol.c
		___fttol       		CODE           	04B6	0000	201

C:\Program Files (x86)\Microchip\xc8\v1.20\sources\pic\fttol.c estimated size: 201

C:\Program Files (x86)\Microchip\xc8\v1.20\sources\pic\altoft.c
		___altoft      		CODE           	0C48	0000	66

C:\Program Files (x86)\Microchip\xc8\v1.20\sources\pic\altoft.c estimated size: 66

